EXTREME_ROE  ADANIPOWER 2017-03  ROE=-205.8%  (near-zero equity denominator)
EXTREME_ROE  ADANIPOWER 2018-03  ROE=-236.6%  (near-zero equity denominator)
EXTREME_ROE  BEL 2013-03  ROE=15183.3%  (near-zero equity denominator)
EXTREME_ROE  BEL 2014-03  ROE=13600.0%  (near-zero equity denominator)
EXTREME_ROE  BEL 2015-03  ROE=17100.0%  (near-zero equity denominator)
EXTREME_ROE  BEL 2016-03  ROE=11141.7%  (near-zero equity denominator)
EXTREME_ROE  BEL 2017-03  ROE=10153.3%  (near-zero equity denominator)
EXTREME_ROE  BEL 2018-03  ROE=4616.1%  (near-zero equity denominator)
EXTREME_ROE  BEL 2019-03  ROE=3851.0%  (near-zero equity denominator)
EXTREME_ROE  BEL 2020-03  ROE=3318.2%  (near-zero equity denominator)
EXTREME_ROE  BEL 2021-03  ROE=3559.3%  (near-zero equity denominator)
EXTREME_ROE  BEL 2022-03  ROE=3478.3%  (near-zero equity denominator)
EXTREME_ROE  BEL 2023-03  ROE=3981.3%  (near-zero equity denominator)
EXTREME_ROE  BEL 2024-03  ROE=4744.0%  (near-zero equity denominator)
EXTREME_ROE  HAL 2017-03  ROE=1966.9%  (near-zero equity denominator)
EXTREME_ROE  HAL 2018-03  ROE=1528.5%  (near-zero equity denominator)
EXTREME_ROE  HAL 2019-03  ROE=1763.9%  (near-zero equity denominator)
EXTREME_ROE  HAL 2020-03  ROE=2059.4%  (near-zero equity denominator)
EXTREME_ROE  HAL 2021-03  ROE=2249.3%  (near-zero equity denominator)
EXTREME_ROE  HAL 2022-03  ROE=3324.2%  (near-zero equity denominator)
EXTREME_ROE  HAL 2023-03  ROE=3283.1%  (near-zero equity denominator)
EXTREME_ROE  HAL 2024-03  ROE=3816.6%  (near-zero equity denominator)
EXTREME_ROE  LICI 2019-03  ROE=324.3%  (near-zero equity denominator)
EXTREME_ROE  LICI 2020-03  ROE=270.5%  (near-zero equity denominator)
EXTREME_ROE  LT 2013-03  ROE=395.1%  (near-zero equity denominator)
EXTREME_ROE  LT 2014-03  ROE=303.4%  (near-zero equity denominator)
EXTREME_ROE  LT 2015-03  ROE=245.1%  (near-zero equity denominator)
EXTREME_ROE  LT 2016-03  ROE=216.1%  (near-zero equity denominator)
EXTREME_ROE  LT 2017-03  ROE=206.3%  (near-zero equity denominator)
EXTREME_ROE  LT 2018-03  ROE=207.4%  (near-zero equity denominator)
EXTREME_ROE  LT 2019-03  ROE=208.8%  (near-zero equity denominator)
EXTREME_ROE  LT 2020-03  ROE=201.6%  (near-zero equity denominator)
EXTREME_ROE  PNB 2013-03  ROE=812.3%  (near-zero equity denominator)
EXTREME_ROE  PNB 2014-03  ROE=393.4%  (near-zero equity denominator)
EXTREME_ROE  PNB 2015-03  ROE=223.2%  (near-zero equity denominator)
EXTREME_ROE  INDIGO 2013-03  ROE=17886.4%  (near-zero equity denominator)
EXTREME_ROE  INDIGO 2014-03  ROE=10772.7%  (near-zero equity denominator)
EXTREME_ROE  INDIGO 2015-03  ROE=4939.4%  (near-zero equity denominator)
EXTREME_ROE  INDIGO 2016-03  ROE=1534.8%  (near-zero equity denominator)
EXTREME_ROE  INDIGO 2017-03  ROE=1692.9%  (near-zero equity denominator)
EXTREME_ROE  INDIGO 2018-03  ROE=2242.0%  (near-zero equity denominator)
EXTREME_ROE  INDIGO 2021-03  ROE=-1094.1%  (near-zero equity denominator)
EXTREME_ROE  INDIGO 2024-03  ROE=892.6%  (near-zero equity denominator)
DEBT_FREE_SUBSTITUTION  count=37 company-years  ICR displayed as 'Debt Free' (interest=0)
CAGR_EDGE_CASE  ADANIGREEN  pat_cagr_5yr_flag=TURNAROUND
CAGR_EDGE_CASE  ADANIPOWER  pat_cagr_5yr_flag=TURNAROUND
CAGR_EDGE_CASE  GODREJCP  pat_cagr_5yr_flag=DECLINE_TO_LOSS
CAGR_EDGE_CASE  JINDALSTEL  pat_cagr_5yr_flag=TURNAROUND
CAGR_EDGE_CASE  PNB  pat_cagr_5yr_flag=TURNAROUND
CAGR_EDGE_CASE  TATAMOTORS  pat_cagr_5yr_flag=TURNAROUND
CAGR_EDGE_CASE  TATASTEEL  pat_cagr_5yr_flag=DECLINE_TO_LOSS